2025-03-31 13:28:14 UTC
Windows-10-10.0.19045
Ren'Py 8.3.7.25031702

Early init took 0.15s
Loading error handling took 0.04s
Loading script took 0.18s
Loading save slot metadata took 0.06s
Loading persistent took 0.00s
Running init code took 0.08s
Loading analysis data took 0.02s
Analyze and compile ATL took 0.00s
Reloading save slot metadata took 0.04s
Index archives took 0.00s
Dump and make backups took 0.09s
Cleaning cache took 0.00s
Making clean stores took 0.00s
Initial gc took 0.05s
DPI scale factor: 1.000000
nvdrs: Loaded, about to disable thread optimizations.
nvdrs: b"Couldn't load nvlib." (can be ignored)
Creating interface object took 0.00s
Cleaning stores took 0.00s
Init translation took 0.00s
Build styles took 0.00s
Load screen analysis took 0.04s
Analyze screens took 0.00s
Save screen analysis took 0.00s
Prepare screens took 0.10s
Save pyanalysis. took 0.00s
Save bytecode. took 0.00s
Running _start took 0.00s

Full traceback:
  File "renpy/common/00start.rpy", line 201, in script
    python:
  File "C:\Users\Lowie Suarez\Downloads\renpy-8.3.7-sdk\renpy\ast.py", line 834, in execute
    renpy.python.py_exec_bytecode(self.code.bytecode, self.hide, store=self.store)
  File "C:\Users\Lowie Suarez\Downloads\renpy-8.3.7-sdk\renpy\python.py", line 1187, in py_exec_bytecode
    exec(bytecode, globals, locals)
  File "renpy/common/00start.rpy", line 202, in <module>
    _init_language()
  File "renpy/common/00start.rpy", line 83, in _init_language
    renpy.change_language(language, force=True)
  File "C:\Users\Lowie Suarez\Downloads\renpy-8.3.7-sdk\renpy\translation\__init__.py", line 796, in change_language
    i()
  File "renpy/common/00stylepreferences.rpy", line 127, in _m1_00stylepreferences__change_language
    __update()
  File "renpy/common/00stylepreferences.rpy", line 99, in _m1_00stylepreferences__update
    renpy.style.rebuild()
  File "style.pyx", line 803, in renpy.style.rebuild
  File "style.pyx", line 796, in renpy.style.build_styles
  File "style.pyx", line 717, in renpy.style.build_style
  File "style.pyx", line 714, in renpy.style.build_style
  File "gen3-static/style_hover_functions.pyx", line 245, in style_hover_functions.hover_color_property
  File "C:\Users\Lowie Suarez\Downloads\renpy-8.3.7-sdk\renpy\color.py", line 165, in __new__
    raise Exception("Color string {!r} must be 3, 4, 6, or 8 hex digits long.".format(c))
Exception: Color string 'fffff' must be 3, 4, 6, or 8 hex digits long.

While processing the hover_color property of style game_menu_label_text:
  File "renpy/common/00start.rpy", line 201, in script
    python:
  File "renpy/common/00start.rpy", line 202, in <module>
    _init_language()
  File "renpy/common/00start.rpy", line 83, in _init_language
    renpy.change_language(language, force=True)
  File "renpy/common/00stylepreferences.rpy", line 127, in _m1_00stylepreferences__change_language
    __update()
  File "renpy/common/00stylepreferences.rpy", line 99, in _m1_00stylepreferences__update
    renpy.style.rebuild()
Exception: Color string 'fffff' must be 3, 4, 6, or 8 hex digits long.
Interface start took 0.91s

Initializing gl2 renderer:
primary display bounds: (0, 0, 1920, 1080)
swap interval: 1 frames
Windowed mode.
Vendor: "b'ATI Technologies Inc.'"
Renderer: b'Radeon RX 570 Series'
Version: b'4.6.0 Compatibility Profile Context 24.9.1.240813'
Display Info: None
Screen sizes: virtual=(1920, 1080) physical=(1739, 978) drawable=(1739, 978)
Maximum texture size: 4096x4096
controller: '030000005e0400008e02000000007200' 'Xbox 360 Controller' 1
While handling exception:
Traceback (most recent call last):
  File "C:\Users\Lowie Suarez\Downloads\renpy-8.3.7-sdk\renpy\execution.py", line 599, in run
    node.execute()
  File "C:\Users\Lowie Suarez\Downloads\renpy-8.3.7-sdk\renpy\ast.py", line 834, in execute
    renpy.python.py_exec_bytecode(self.code.bytecode, self.hide, store=self.store)
  File "C:\Users\Lowie Suarez\Downloads\renpy-8.3.7-sdk\renpy\python.py", line 1187, in py_exec_bytecode
    exec(bytecode, globals, locals)
  File "renpy/common/00start.rpy", line 202, in <module>
    _init_language()
  File "renpy/common/00start.rpy", line 83, in _init_language
    renpy.change_language(language, force=True)
  File "C:\Users\Lowie Suarez\Downloads\renpy-8.3.7-sdk\renpy\translation\__init__.py", line 796, in change_language
    i()
  File "renpy/common/00stylepreferences.rpy", line 127, in _m1_00stylepreferences__change_language
    __update()
  File "renpy/common/00stylepreferences.rpy", line 99, in _m1_00stylepreferences__update
    renpy.style.rebuild()
  File "style.pyx", line 803, in renpy.style.rebuild
  File "style.pyx", line 796, in renpy.style.build_styles
  File "style.pyx", line 717, in renpy.style.build_style
  File "style.pyx", line 714, in renpy.style.build_style
  File "gen3-static/style_hover_functions.pyx", line 245, in style_hover_functions.hover_color_property
  File "C:\Users\Lowie Suarez\Downloads\renpy-8.3.7-sdk\renpy\color.py", line 165, in __new__
    raise Exception("Color string {!r} must be 3, 4, 6, or 8 hex digits long.".format(c))
Exception: Color string 'fffff' must be 3, 4, 6, or 8 hex digits long.

During handling of the above exception, another exception occurred:

Traceback (most recent call last):
  File "C:\Users\Lowie Suarez\Downloads\renpy-8.3.7-sdk\renpy\display\error.py", line 140, in report_exception
    renpy.game.invoke_in_new_context(
  File "C:\Users\Lowie Suarez\Downloads\renpy-8.3.7-sdk\renpy\game.py", line 303, in invoke_in_new_context
    return callable(*args, **kwargs)
  File "C:\Users\Lowie Suarez\Downloads\renpy-8.3.7-sdk\renpy\display\error.py", line 48, in call_exception_screen
    return renpy.ui.interact(mouse="screen", type="screen", suppress_overlay=True, suppress_underlay=True)
  File "C:\Users\Lowie Suarez\Downloads\renpy-8.3.7-sdk\renpy\ui.py", line 301, in interact
    rv = renpy.game.interface.interact(roll_forward=roll_forward, **kwargs)
  File "C:\Users\Lowie Suarez\Downloads\renpy-8.3.7-sdk\renpy\display\core.py", line 2218, in interact
    repeat, rv = self.interact_core(preloads=preloads, trans_pause=trans_pause, pause=pause, pause_start=pause_start, pause_modal=pause_modal, **kwargs) # type: ignore
  File "C:\Users\Lowie Suarez\Downloads\renpy-8.3.7-sdk\renpy\display\core.py", line 2485, in interact_core
    i()
  File "renpy/common/00stylepreferences.rpy", line 99, in _m1_00stylepreferences__update
    renpy.style.rebuild()
  File "style.pyx", line 803, in renpy.style.rebuild
  File "style.pyx", line 796, in renpy.style.build_styles
  File "style.pyx", line 717, in renpy.style.build_style
  File "style.pyx", line 714, in renpy.style.build_style
  File "gen3-static/style_hover_functions.pyx", line 245, in style_hover_functions.hover_color_property
  File "C:\Users\Lowie Suarez\Downloads\renpy-8.3.7-sdk\renpy\color.py", line 165, in __new__
    raise Exception("Color string {!r} must be 3, 4, 6, or 8 hex digits long.".format(c))
Exception: Color string 'fffff' must be 3, 4, 6, or 8 hex digits long.

Full traceback:
  File "C:\Users\Lowie Suarez\Downloads\renpy-8.3.7-sdk\renpy\bootstrap.py", line 359, in bootstrap
    renpy.main.main()
  File "C:\Users\Lowie Suarez\Downloads\renpy-8.3.7-sdk\renpy\main.py", line 652, in main
    run(restart)
  File "C:\Users\Lowie Suarez\Downloads\renpy-8.3.7-sdk\renpy\main.py", line 148, in run
    renpy.execution.run_context(True)
  File "C:\Users\Lowie Suarez\Downloads\renpy-8.3.7-sdk\renpy\execution.py", line 958, in run_context
    context.run()
  File "renpy/common/00start.rpy", line 201, in script
    python:
  File "lib/python3.9/future/utils/__init__.py", line 444, in raise_
  File "renpy/common/00start.rpy", line 201, in script
    python:
  File "C:\Users\Lowie Suarez\Downloads\renpy-8.3.7-sdk\renpy\ast.py", line 834, in execute
    renpy.python.py_exec_bytecode(self.code.bytecode, self.hide, store=self.store)
  File "C:\Users\Lowie Suarez\Downloads\renpy-8.3.7-sdk\renpy\python.py", line 1187, in py_exec_bytecode
    exec(bytecode, globals, locals)
  File "renpy/common/00start.rpy", line 202, in <module>
    _init_language()
  File "renpy/common/00start.rpy", line 83, in _init_language
    renpy.change_language(language, force=True)
  File "C:\Users\Lowie Suarez\Downloads\renpy-8.3.7-sdk\renpy\translation\__init__.py", line 796, in change_language
    i()
  File "renpy/common/00stylepreferences.rpy", line 127, in _m1_00stylepreferences__change_language
    __update()
  File "renpy/common/00stylepreferences.rpy", line 99, in _m1_00stylepreferences__update
    renpy.style.rebuild()
  File "style.pyx", line 803, in renpy.style.rebuild
  File "style.pyx", line 796, in renpy.style.build_styles
  File "style.pyx", line 717, in renpy.style.build_style
  File "style.pyx", line 714, in renpy.style.build_style
  File "gen3-static/style_hover_functions.pyx", line 245, in style_hover_functions.hover_color_property
  File "C:\Users\Lowie Suarez\Downloads\renpy-8.3.7-sdk\renpy\color.py", line 165, in __new__
    raise Exception("Color string {!r} must be 3, 4, 6, or 8 hex digits long.".format(c))
Exception: Color string 'fffff' must be 3, 4, 6, or 8 hex digits long.

While processing the hover_color property of style game_menu_label_text:
  File "renpy/common/00start.rpy", line 201, in script
    python:
  File "renpy/common/00start.rpy", line 201, in script
    python:
  File "renpy/common/00start.rpy", line 202, in <module>
    _init_language()
  File "renpy/common/00start.rpy", line 83, in _init_language
    renpy.change_language(language, force=True)
  File "renpy/common/00stylepreferences.rpy", line 127, in _m1_00stylepreferences__change_language
    __update()
  File "renpy/common/00stylepreferences.rpy", line 99, in _m1_00stylepreferences__update
    renpy.style.rebuild()
Exception: Color string 'fffff' must be 3, 4, 6, or 8 hex digits long.
